// Jest Snapshot v1, https://goo.gl/fbAQLP

exports[`AccountInfoCard should render correctly 1`] = `
<View
  style={
    Object {
      "borderColor": "#bbc0c5",
      "borderRadius": 10,
      "borderWidth": 1,
      "flexDirection": "row",
      "justifyContent": "space-between",
      "marginBottom": 20,
      "padding": 16,
      "width": "90%",
    }
  }
>
  <Component
    address="0x0"
    customStyle={
      Object {
        "marginRight": 16,
      }
    }
    diameter={40}
  />
  <View
    style={
      Object {
        "alignItems": "flex-start",
        "flexDirection": "column",
        "justifyContent": "center",
        "width": "80%",
      }
    }
  >
    <View
      style={
        Object {
          "flexDirection": "row",
          "justifyContent": "flex-start",
          "width": "100%",
        }
      }
    >
      <Text
        numberOfLines={1}
        style={
          Object {
            "fontFamily": "CircularStd-Medium",
            "fontSize": 16,
            "fontWeight": "600",
            "marginRight": 2,
            "maxWidth": "55%",
            "textAlign": "left",
          }
        }
      >
        0x0...0x0
      </Text>
      <Text
        numberOfLines={1}
        style={
          Object {
            "fontFamily": "CircularStd-Medium",
            "fontSize": 16,
            "fontWeight": "600",
            "maxWidth": "50%",
            "textAlign": "right",
          }
        }
      >
        (
        0x0...0x0
        )
      </Text>
    </View>
    <Text
      numberOfLines={1}
      style={
        Object {
          "alignSelf": "flex-start",
          "fontFamily": "CircularStd-Medium",
          "fontSize": 14,
          "fontWeight": "100",
        }
      }
    >
      Balance:
       
      0 undefined
       (
      &lt; 0.00001
       
      ETH
      )
    </Text>
  </View>
</View>
`;
