// Jest Snapshot v1, https://goo.gl/fbAQLP

exports[`PersonalSign should render correctly 1`] = `
<View
  style={
    Object {
      "backgroundColor": "#FFFFFF",
      "borderTopLeftRadius": 10,
      "borderTopRightRadius": 10,
      "minHeight": "70%",
      "paddingBottom": 20,
    }
  }
>
  <Connect(SignatureRequest)
    currentPageInformation={
      Object {
        "title": "title",
        "url": "url",
      }
    }
    onCancel={[Function]}
    onConfirm={[Function]}
    type="personalSign"
  >
    <View
      style={
        Object {
          "flex": 7,
          "paddingTop": 10,
        }
      }
    >
      <Text
        style={
          Object {
            "fontFamily": "CircularStd-Medium",
            "fontSize": 16,
            "fontWeight": "600",
            "marginBottom": 5,
          }
        }
      >
        Message:
      </Text>
      <Text
        key="txt_0"
        style={
          Object {
            "color": "#000000",
            "flex": 1,
            "fontFamily": "CircularStd-Medium",
            "fontSize": 14,
            "fontWeight": "400",
          }
        }
      />
    </View>
  </Connect(SignatureRequest)>
</View>
`;
