// Jest Snapshot v1, https://goo.gl/fbAQLP

exports[`SignatureRequest should render correctly 1`] = `
<View
  style={
    Object {
      "backgroundColor": "#FFFFFF",
      "flex": 1,
    }
  }
>
  <View>
    <Connect(TransactionHeader)
      currentPageInformation={
        Object {
          "title": "title",
          "url": "url",
        }
      }
    />
    <View
      style={
        Object {
          "margin": 10,
        }
      }
    >
      <Text
        style={
          Object {
            "fontFamily": "CircularStd-Medium",
            "fontSize": 20,
            "fontWeight": "600",
            "padding": 5,
            "textAlign": "center",
          }
        }
      >
        Sign this message?
      </Text>
    </View>
  </View>
  <ActionView
    cancelTestID="request-signature-cancel-button"
    cancelText="CANCEL"
    confirmButtonMode="normal"
    confirmTestID="request-signature-confirm-button"
    confirmText="SIGN"
    confirmed={false}
    isSigning={true}
    onCancelPress={[Function]}
    onConfirmPress={[Function]}
    showCancelButton={true}
    showConfirmButton={true}
  >
    <View
      style={
        Object {
          "alignItems": "center",
          "flex": 1,
          "flexDirection": "column",
          "height": "100%",
          "justifyContent": "space-between",
        }
      }
    >
      <View
        style={
          Object {
            "alignItems": "flex-start",
            "borderColor": "#bbc0c5",
            "borderRadius": 10,
            "borderWidth": 1,
            "flex": 2,
            "flexDirection": "row",
            "height": 200,
            "justifyContent": "space-between",
            "marginBottom": 20,
            "paddingHorizontal": 15,
            "paddingVertical": 10,
            "width": "90%",
          }
        }
      >
        <View
          style={
            Object {
              "alignItems": "center",
              "flex": 1,
              "justifyContent": "center",
              "marginRight": 15,
              "padding": 5,
            }
          }
        >
          <WebsiteIcon
            style={
              Object {
                "borderRadius": 32,
                "height": 40,
                "width": 40,
              }
            }
            title="url"
            url="url"
            viewStyle={
              Object {
                "alignItems": "center",
                "borderRadius": 10,
                "justifyContent": "center",
              }
            }
          />
        </View>
        <View
          style={
            Object {
              "alignItems": "flex-end",
              "alignSelf": "center",
              "flex": 1,
            }
          }
        >
          <Icon
            allowFontScaling={false}
            name="ios-arrow-forward"
            size={20}
          />
        </View>
      </View>
      <Connect(AccountInfoCard) />
    </View>
  </ActionView>
</View>
`;
