// Jest Snapshot v1, https://goo.gl/fbAQLP

exports[`TypedSign should render correctly 1`] = `
<View
  style={
    Object {
      "backgroundColor": "#FFFFFF",
      "borderTopLeftRadius": 10,
      "borderTopRightRadius": 10,
      "minHeight": "70%",
      "paddingBottom": 20,
    }
  }
>
  <Connect(SignatureRequest)
    currentPageInformation={
      Object {
        "title": "title",
        "url": "url",
      }
    }
    onCancel={[Function]}
    onConfirm={[Function]}
    type="typedSign"
  >
    <View
      style={
        Object {
          "flex": 7,
          "flexDirection": "column",
          "flexWrap": "wrap",
          "paddingTop": 5,
        }
      }
    >
      <Text
        style={
          Object {
            "flex": 1,
            "fontFamily": "CircularStd-Medium",
            "fontSize": 16,
            "fontWeight": "600",
            "marginBottom": 5,
          }
        }
      >
        Message:
      </Text>
      <View
        style={
          Object {
            "flex": 4,
            "flexDirection": "column",
            "flexWrap": "wrap",
            "overflow": "hidden",
            "zIndex": 1,
          }
        }
      />
    </View>
  </Connect(SignatureRequest)>
</View>
`;
